[01/12 05:54:28] [info] Disabled integration for PlaceholderAPI
[01/12 05:59:23] [info] Disabled integration for PlaceholderAPI
[01/12 06:15:47] [ERROR] Unexpected error when parsing Sound in file §4commands/spawn.yml§r§c at path §4patterns.a.actions.b.notify.sound§r§c : Cannot invoke "com.guillaumevdn.gcore.lib.compatibility.sound.Sounds.fromIdOrDataName(String)" because "com.guillaumevdn.gcore.ConfigGCore.sounds" is null
java.lang.NullPointerException: Cannot invoke "com.guillaumevdn.gcore.lib.compatibility.sound.Sounds.fromIdOrDataName(String)" because "com.guillaumevdn.gcore.ConfigGCore.sounds" is null
	at GCore.jar//com.guillaumevdn.gcore.lib.compatibility.sound.Sound.firstFromIdOrDataName(Sound.java:80)
	at GCore.jar//com.guillaumevdn.gcore.lib.serialization.Serializer.lambda$static$75(Serializer.java:471)
	at GCore.jar//com.guillaumevdn.gcore.lib.serialization.Serializer$1.deserialize(Serializer.java:193)
	at GCore.jar//com.guillaumevdn.gcore.lib.element.type.basic.ElementValue.doParseString(ElementValue.java:61)
	at GCore.jar//com.guillaumevdn.gcore.lib.element.struct.basic.BasicElement.doParse(BasicElement.java:269)
	at GCore.jar//com.guillaumevdn.gcore.lib.element.struct.parsing.ParseableElement.parseNoCatch(ParseableElement.java:49)
	at GCore.jar//com.guillaumevdn.gcore.lib.element.struct.parsing.ParseableElement.parse(ParseableElement.java:36)
	at GCore.jar//com.guillaumevdn.gcore.lib.element.struct.container.ContainerElement.parseElementAs(ContainerElement.java:184)
	at GCore.jar//com.guillaumevdn.gcore.lib.element.struct.container.ContainerElement.directParseAndIfPresentDo(ContainerElement.java:269)
	at GCore.jar//com.guillaumevdn.gcore.lib.element.type.container.ElementNotify.playSound(ElementNotify.java:308)
	at GCore.jar//com.guillaumevdn.gcore.lib.element.type.container.ElementNotify.sendAll(ElementNotify.java:188)
	at GCore.jar//com.guillaumevdn.gcore.lib.element.type.container.ElementNotify.sendAll(ElementNotify.java:179)
	at GCore.jar//com.guillaumevdn.gcore.lib.element.type.container.ElementNotify.sendAll(ElementNotify.java:175)
	at GCore.jar//com.guillaumevdn.gcore.lib.element.type.container.ElementNotify.sendAll(ElementNotify.java:171)
	at GCore.jar//com.guillaumevdn.gcore.lib.element.type.container.ElementNotify.sendAll(ElementNotify.java:167)
	at GCore.jar//com.guillaumevdn.gcore.lib.element.type.container.ElementNotify.sendAll(ElementNotify.java:163)
	at CustomCommands.jar//com.guillaumevdn.customcommands.lib.action.type.ActionTypeNotify.execute(ActionTypeNotify.java:32)
	at CustomCommands.jar//com.guillaumevdn.customcommands.lib.action.type.TargetableActionType.execute(TargetableActionType.java:42)
	at CustomCommands.jar//com.guillaumevdn.customcommands.lib.customcommand.ElementPattern$1.lambda$2(ElementPattern.java:190)
	at GCore.jar//com.guillaumevdn.gcore.lib.Task$1.run(Task.java:63)
	at org.bukkit.craftbukkit.scheduler.CraftTask.run(CraftTask.java:78)
	at org.bukkit.craftbukkit.scheduler.CraftScheduler.mainThreadHeartbeat(CraftScheduler.java:474)
	at net.minecraft.server.MinecraftServer.tickChildren(MinecraftServer.java:1662)
	at net.minecraft.server.MinecraftServer.tickServer(MinecraftServer.java:1530)
	at net.minecraft.server.MinecraftServer.runServer(MinecraftServer.java:1252)
	at net.minecraft.server.MinecraftServer.lambda$spin$2(MinecraftServer.java:310)
	at java.base/java.lang.Thread.run(Thread.java:1583)

[01/12 06:16:09] [ERROR] Unexpected error when parsing Sound in file §4commands/spawn.yml§r§c at path §4patterns.a.actions.b.notify.sound§r§c : Cannot invoke "com.guillaumevdn.gcore.lib.compatibility.sound.Sounds.fromIdOrDataName(String)" because "com.guillaumevdn.gcore.ConfigGCore.sounds" is null
java.lang.NullPointerException: Cannot invoke "com.guillaumevdn.gcore.lib.compatibility.sound.Sounds.fromIdOrDataName(String)" because "com.guillaumevdn.gcore.ConfigGCore.sounds" is null
	at GCore.jar//com.guillaumevdn.gcore.lib.compatibility.sound.Sound.firstFromIdOrDataName(Sound.java:80)
	at GCore.jar//com.guillaumevdn.gcore.lib.serialization.Serializer.lambda$static$75(Serializer.java:471)
	at GCore.jar//com.guillaumevdn.gcore.lib.serialization.Serializer$1.deserialize(Serializer.java:193)
	at GCore.jar//com.guillaumevdn.gcore.lib.element.type.basic.ElementValue.doParseString(ElementValue.java:61)
	at GCore.jar//com.guillaumevdn.gcore.lib.element.struct.basic.BasicElement.doParse(BasicElement.java:269)
	at GCore.jar//com.guillaumevdn.gcore.lib.element.struct.parsing.ParseableElement.parseNoCatch(ParseableElement.java:49)
	at GCore.jar//com.guillaumevdn.gcore.lib.element.struct.parsing.ParseableElement.parse(ParseableElement.java:36)
	at GCore.jar//com.guillaumevdn.gcore.lib.element.struct.container.ContainerElement.parseElementAs(ContainerElement.java:184)
	at GCore.jar//com.guillaumevdn.gcore.lib.element.struct.container.ContainerElement.directParseAndIfPresentDo(ContainerElement.java:269)
	at GCore.jar//com.guillaumevdn.gcore.lib.element.type.container.ElementNotify.playSound(ElementNotify.java:308)
	at GCore.jar//com.guillaumevdn.gcore.lib.element.type.container.ElementNotify.sendAll(ElementNotify.java:188)
	at GCore.jar//com.guillaumevdn.gcore.lib.element.type.container.ElementNotify.sendAll(ElementNotify.java:179)
	at GCore.jar//com.guillaumevdn.gcore.lib.element.type.container.ElementNotify.sendAll(ElementNotify.java:175)
	at GCore.jar//com.guillaumevdn.gcore.lib.element.type.container.ElementNotify.sendAll(ElementNotify.java:171)
	at GCore.jar//com.guillaumevdn.gcore.lib.element.type.container.ElementNotify.sendAll(ElementNotify.java:167)
	at GCore.jar//com.guillaumevdn.gcore.lib.element.type.container.ElementNotify.sendAll(ElementNotify.java:163)
	at CustomCommands.jar//com.guillaumevdn.customcommands.lib.action.type.ActionTypeNotify.execute(ActionTypeNotify.java:32)
	at CustomCommands.jar//com.guillaumevdn.customcommands.lib.action.type.TargetableActionType.execute(TargetableActionType.java:42)
	at CustomCommands.jar//com.guillaumevdn.customcommands.lib.customcommand.ElementPattern$1.lambda$2(ElementPattern.java:190)
	at GCore.jar//com.guillaumevdn.gcore.lib.Task$1.run(Task.java:63)
	at org.bukkit.craftbukkit.scheduler.CraftTask.run(CraftTask.java:78)
	at org.bukkit.craftbukkit.scheduler.CraftScheduler.mainThreadHeartbeat(CraftScheduler.java:474)
	at net.minecraft.server.MinecraftServer.tickChildren(MinecraftServer.java:1662)
	at net.minecraft.server.MinecraftServer.tickServer(MinecraftServer.java:1530)
	at net.minecraft.server.MinecraftServer.runServer(MinecraftServer.java:1252)
	at net.minecraft.server.MinecraftServer.lambda$spin$2(MinecraftServer.java:310)
	at java.base/java.lang.Thread.run(Thread.java:1583)

[01/12 06:17:09] [ERROR] Unexpected error when parsing Sound in file §4commands/spawn.yml§r§c at path §4patterns.a.actions.b.notify.sound§r§c : Cannot invoke "com.guillaumevdn.gcore.lib.compatibility.sound.Sounds.fromIdOrDataName(String)" because "com.guillaumevdn.gcore.ConfigGCore.sounds" is null
java.lang.NullPointerException: Cannot invoke "com.guillaumevdn.gcore.lib.compatibility.sound.Sounds.fromIdOrDataName(String)" because "com.guillaumevdn.gcore.ConfigGCore.sounds" is null
	at GCore.jar//com.guillaumevdn.gcore.lib.compatibility.sound.Sound.firstFromIdOrDataName(Sound.java:80)
	at GCore.jar//com.guillaumevdn.gcore.lib.serialization.Serializer.lambda$static$75(Serializer.java:471)
	at GCore.jar//com.guillaumevdn.gcore.lib.serialization.Serializer$1.deserialize(Serializer.java:193)
	at GCore.jar//com.guillaumevdn.gcore.lib.element.type.basic.ElementValue.doParseString(ElementValue.java:61)
	at GCore.jar//com.guillaumevdn.gcore.lib.element.struct.basic.BasicElement.doParse(BasicElement.java:269)
	at GCore.jar//com.guillaumevdn.gcore.lib.element.struct.parsing.ParseableElement.parseNoCatch(ParseableElement.java:49)
	at GCore.jar//com.guillaumevdn.gcore.lib.element.struct.parsing.ParseableElement.parse(ParseableElement.java:36)
	at GCore.jar//com.guillaumevdn.gcore.lib.element.struct.container.ContainerElement.parseElementAs(ContainerElement.java:184)
	at GCore.jar//com.guillaumevdn.gcore.lib.element.struct.container.ContainerElement.directParseAndIfPresentDo(ContainerElement.java:269)
	at GCore.jar//com.guillaumevdn.gcore.lib.element.type.container.ElementNotify.playSound(ElementNotify.java:308)
	at GCore.jar//com.guillaumevdn.gcore.lib.element.type.container.ElementNotify.sendAll(ElementNotify.java:188)
	at GCore.jar//com.guillaumevdn.gcore.lib.element.type.container.ElementNotify.sendAll(ElementNotify.java:179)
	at GCore.jar//com.guillaumevdn.gcore.lib.element.type.container.ElementNotify.sendAll(ElementNotify.java:175)
	at GCore.jar//com.guillaumevdn.gcore.lib.element.type.container.ElementNotify.sendAll(ElementNotify.java:171)
	at GCore.jar//com.guillaumevdn.gcore.lib.element.type.container.ElementNotify.sendAll(ElementNotify.java:167)
	at GCore.jar//com.guillaumevdn.gcore.lib.element.type.container.ElementNotify.sendAll(ElementNotify.java:163)
	at CustomCommands.jar//com.guillaumevdn.customcommands.lib.action.type.ActionTypeNotify.execute(ActionTypeNotify.java:32)
	at CustomCommands.jar//com.guillaumevdn.customcommands.lib.action.type.TargetableActionType.execute(TargetableActionType.java:42)
	at CustomCommands.jar//com.guillaumevdn.customcommands.lib.customcommand.ElementPattern$1.lambda$2(ElementPattern.java:190)
	at GCore.jar//com.guillaumevdn.gcore.lib.Task$1.run(Task.java:63)
	at org.bukkit.craftbukkit.scheduler.CraftTask.run(CraftTask.java:78)
	at org.bukkit.craftbukkit.scheduler.CraftScheduler.mainThreadHeartbeat(CraftScheduler.java:474)
	at net.minecraft.server.MinecraftServer.tickChildren(MinecraftServer.java:1662)
	at net.minecraft.server.MinecraftServer.tickServer(MinecraftServer.java:1530)
	at net.minecraft.server.MinecraftServer.runServer(MinecraftServer.java:1252)
	at net.minecraft.server.MinecraftServer.lambda$spin$2(MinecraftServer.java:310)
	at java.base/java.lang.Thread.run(Thread.java:1583)

[01/12 06:17:47] [ERROR] Unexpected error when parsing Sound in file §4commands/spawn.yml§r§c at path §4patterns.a.actions.b.notify.sound§r§c : Cannot invoke "com.guillaumevdn.gcore.lib.compatibility.sound.Sounds.fromIdOrDataName(String)" because "com.guillaumevdn.gcore.ConfigGCore.sounds" is null
java.lang.NullPointerException: Cannot invoke "com.guillaumevdn.gcore.lib.compatibility.sound.Sounds.fromIdOrDataName(String)" because "com.guillaumevdn.gcore.ConfigGCore.sounds" is null
	at GCore.jar//com.guillaumevdn.gcore.lib.compatibility.sound.Sound.firstFromIdOrDataName(Sound.java:80)
	at GCore.jar//com.guillaumevdn.gcore.lib.serialization.Serializer.lambda$static$75(Serializer.java:471)
	at GCore.jar//com.guillaumevdn.gcore.lib.serialization.Serializer$1.deserialize(Serializer.java:193)
	at GCore.jar//com.guillaumevdn.gcore.lib.element.type.basic.ElementValue.doParseString(ElementValue.java:61)
	at GCore.jar//com.guillaumevdn.gcore.lib.element.struct.basic.BasicElement.doParse(BasicElement.java:269)
	at GCore.jar//com.guillaumevdn.gcore.lib.element.struct.parsing.ParseableElement.parseNoCatch(ParseableElement.java:49)
	at GCore.jar//com.guillaumevdn.gcore.lib.element.struct.parsing.ParseableElement.parse(ParseableElement.java:36)
	at GCore.jar//com.guillaumevdn.gcore.lib.element.struct.container.ContainerElement.parseElementAs(ContainerElement.java:184)
	at GCore.jar//com.guillaumevdn.gcore.lib.element.struct.container.ContainerElement.directParseAndIfPresentDo(ContainerElement.java:269)
	at GCore.jar//com.guillaumevdn.gcore.lib.element.type.container.ElementNotify.playSound(ElementNotify.java:308)
	at GCore.jar//com.guillaumevdn.gcore.lib.element.type.container.ElementNotify.sendAll(ElementNotify.java:188)
	at GCore.jar//com.guillaumevdn.gcore.lib.element.type.container.ElementNotify.sendAll(ElementNotify.java:179)
	at GCore.jar//com.guillaumevdn.gcore.lib.element.type.container.ElementNotify.sendAll(ElementNotify.java:175)
	at GCore.jar//com.guillaumevdn.gcore.lib.element.type.container.ElementNotify.sendAll(ElementNotify.java:171)
	at GCore.jar//com.guillaumevdn.gcore.lib.element.type.container.ElementNotify.sendAll(ElementNotify.java:167)
	at GCore.jar//com.guillaumevdn.gcore.lib.element.type.container.ElementNotify.sendAll(ElementNotify.java:163)
	at CustomCommands.jar//com.guillaumevdn.customcommands.lib.action.type.ActionTypeNotify.execute(ActionTypeNotify.java:32)
	at CustomCommands.jar//com.guillaumevdn.customcommands.lib.action.type.TargetableActionType.execute(TargetableActionType.java:42)
	at CustomCommands.jar//com.guillaumevdn.customcommands.lib.customcommand.ElementPattern$1.lambda$2(ElementPattern.java:190)
	at GCore.jar//com.guillaumevdn.gcore.lib.Task$1.run(Task.java:63)
	at org.bukkit.craftbukkit.scheduler.CraftTask.run(CraftTask.java:78)
	at org.bukkit.craftbukkit.scheduler.CraftScheduler.mainThreadHeartbeat(CraftScheduler.java:474)
	at net.minecraft.server.MinecraftServer.tickChildren(MinecraftServer.java:1662)
	at net.minecraft.server.MinecraftServer.tickServer(MinecraftServer.java:1530)
	at net.minecraft.server.MinecraftServer.runServer(MinecraftServer.java:1252)
	at net.minecraft.server.MinecraftServer.lambda$spin$2(MinecraftServer.java:310)
	at java.base/java.lang.Thread.run(Thread.java:1583)

[01/12 06:24:25] [info] Disabled integration for PlaceholderAPI
[01/12 06:27:21] [info] Disabled integration for PlaceholderAPI
[01/12 21:38:53] [info] Disabled integration for PlaceholderAPI
[01/12 22:03:18] [ERROR] Unexpected error when parsing Sound in file §4commands/spawn.yml§r§c at path §4patterns.a.actions.b.notify.sound§r§c : Cannot invoke "com.guillaumevdn.gcore.lib.compatibility.sound.Sounds.fromIdOrDataName(String)" because "com.guillaumevdn.gcore.ConfigGCore.sounds" is null
java.lang.NullPointerException: Cannot invoke "com.guillaumevdn.gcore.lib.compatibility.sound.Sounds.fromIdOrDataName(String)" because "com.guillaumevdn.gcore.ConfigGCore.sounds" is null
	at GCore.jar//com.guillaumevdn.gcore.lib.compatibility.sound.Sound.firstFromIdOrDataName(Sound.java:80)
	at GCore.jar//com.guillaumevdn.gcore.lib.serialization.Serializer.lambda$static$75(Serializer.java:471)
	at GCore.jar//com.guillaumevdn.gcore.lib.serialization.Serializer$1.deserialize(Serializer.java:193)
	at GCore.jar//com.guillaumevdn.gcore.lib.element.type.basic.ElementValue.doParseString(ElementValue.java:61)
	at GCore.jar//com.guillaumevdn.gcore.lib.element.struct.basic.BasicElement.doParse(BasicElement.java:269)
	at GCore.jar//com.guillaumevdn.gcore.lib.element.struct.parsing.ParseableElement.parseNoCatch(ParseableElement.java:49)
	at GCore.jar//com.guillaumevdn.gcore.lib.element.struct.parsing.ParseableElement.parse(ParseableElement.java:36)
	at GCore.jar//com.guillaumevdn.gcore.lib.element.struct.container.ContainerElement.parseElementAs(ContainerElement.java:184)
	at GCore.jar//com.guillaumevdn.gcore.lib.element.struct.container.ContainerElement.directParseAndIfPresentDo(ContainerElement.java:269)
	at GCore.jar//com.guillaumevdn.gcore.lib.element.type.container.ElementNotify.playSound(ElementNotify.java:308)
	at GCore.jar//com.guillaumevdn.gcore.lib.element.type.container.ElementNotify.sendAll(ElementNotify.java:188)
	at GCore.jar//com.guillaumevdn.gcore.lib.element.type.container.ElementNotify.sendAll(ElementNotify.java:179)
	at GCore.jar//com.guillaumevdn.gcore.lib.element.type.container.ElementNotify.sendAll(ElementNotify.java:175)
	at GCore.jar//com.guillaumevdn.gcore.lib.element.type.container.ElementNotify.sendAll(ElementNotify.java:171)
	at GCore.jar//com.guillaumevdn.gcore.lib.element.type.container.ElementNotify.sendAll(ElementNotify.java:167)
	at GCore.jar//com.guillaumevdn.gcore.lib.element.type.container.ElementNotify.sendAll(ElementNotify.java:163)
	at CustomCommands.jar//com.guillaumevdn.customcommands.lib.action.type.ActionTypeNotify.execute(ActionTypeNotify.java:32)
	at CustomCommands.jar//com.guillaumevdn.customcommands.lib.action.type.TargetableActionType.execute(TargetableActionType.java:42)
	at CustomCommands.jar//com.guillaumevdn.customcommands.lib.customcommand.ElementPattern$1.lambda$2(ElementPattern.java:190)
	at GCore.jar//com.guillaumevdn.gcore.lib.Task$1.run(Task.java:63)
	at org.bukkit.craftbukkit.scheduler.CraftTask.run(CraftTask.java:78)
	at org.bukkit.craftbukkit.scheduler.CraftScheduler.mainThreadHeartbeat(CraftScheduler.java:474)
	at net.minecraft.server.MinecraftServer.tickChildren(MinecraftServer.java:1662)
	at net.minecraft.server.MinecraftServer.tickServer(MinecraftServer.java:1530)
	at net.minecraft.server.MinecraftServer.runServer(MinecraftServer.java:1252)
	at net.minecraft.server.MinecraftServer.lambda$spin$2(MinecraftServer.java:310)
	at java.base/java.lang.Thread.run(Thread.java:1583)

[01/12 22:08:52] [info] Disabled integration for PlaceholderAPI
[01/12 22:11:28] [info] Disabled integration for PlaceholderAPI
[02/12 00:33:17] [ERROR] Unexpected error when parsing Sound in file §4commands/spawn.yml§r§c at path §4patterns.a.actions.b.notify.sound§r§c : Cannot invoke "com.guillaumevdn.gcore.lib.compatibility.sound.Sounds.fromIdOrDataName(String)" because "com.guillaumevdn.gcore.ConfigGCore.sounds" is null
java.lang.NullPointerException: Cannot invoke "com.guillaumevdn.gcore.lib.compatibility.sound.Sounds.fromIdOrDataName(String)" because "com.guillaumevdn.gcore.ConfigGCore.sounds" is null
	at GCore.jar//com.guillaumevdn.gcore.lib.compatibility.sound.Sound.firstFromIdOrDataName(Sound.java:80)
	at GCore.jar//com.guillaumevdn.gcore.lib.serialization.Serializer.lambda$static$75(Serializer.java:471)
	at GCore.jar//com.guillaumevdn.gcore.lib.serialization.Serializer$1.deserialize(Serializer.java:193)
	at GCore.jar//com.guillaumevdn.gcore.lib.element.type.basic.ElementValue.doParseString(ElementValue.java:61)
	at GCore.jar//com.guillaumevdn.gcore.lib.element.struct.basic.BasicElement.doParse(BasicElement.java:269)
	at GCore.jar//com.guillaumevdn.gcore.lib.element.struct.parsing.ParseableElement.parseNoCatch(ParseableElement.java:49)
	at GCore.jar//com.guillaumevdn.gcore.lib.element.struct.parsing.ParseableElement.parse(ParseableElement.java:36)
	at GCore.jar//com.guillaumevdn.gcore.lib.element.struct.container.ContainerElement.parseElementAs(ContainerElement.java:184)
	at GCore.jar//com.guillaumevdn.gcore.lib.element.struct.container.ContainerElement.directParseAndIfPresentDo(ContainerElement.java:269)
	at GCore.jar//com.guillaumevdn.gcore.lib.element.type.container.ElementNotify.playSound(ElementNotify.java:308)
	at GCore.jar//com.guillaumevdn.gcore.lib.element.type.container.ElementNotify.sendAll(ElementNotify.java:188)
	at GCore.jar//com.guillaumevdn.gcore.lib.element.type.container.ElementNotify.sendAll(ElementNotify.java:179)
	at GCore.jar//com.guillaumevdn.gcore.lib.element.type.container.ElementNotify.sendAll(ElementNotify.java:175)
	at GCore.jar//com.guillaumevdn.gcore.lib.element.type.container.ElementNotify.sendAll(ElementNotify.java:171)
	at GCore.jar//com.guillaumevdn.gcore.lib.element.type.container.ElementNotify.sendAll(ElementNotify.java:167)
	at GCore.jar//com.guillaumevdn.gcore.lib.element.type.container.ElementNotify.sendAll(ElementNotify.java:163)
	at CustomCommands.jar//com.guillaumevdn.customcommands.lib.action.type.ActionTypeNotify.execute(ActionTypeNotify.java:32)
	at CustomCommands.jar//com.guillaumevdn.customcommands.lib.action.type.TargetableActionType.execute(TargetableActionType.java:42)
	at CustomCommands.jar//com.guillaumevdn.customcommands.lib.customcommand.ElementPattern$1.lambda$2(ElementPattern.java:190)
	at GCore.jar//com.guillaumevdn.gcore.lib.Task$1.run(Task.java:63)
	at org.bukkit.craftbukkit.scheduler.CraftTask.run(CraftTask.java:78)
	at org.bukkit.craftbukkit.scheduler.CraftScheduler.mainThreadHeartbeat(CraftScheduler.java:474)
	at net.minecraft.server.MinecraftServer.tickChildren(MinecraftServer.java:1662)
	at net.minecraft.server.MinecraftServer.tickServer(MinecraftServer.java:1530)
	at net.minecraft.server.MinecraftServer.runServer(MinecraftServer.java:1252)
	at net.minecraft.server.MinecraftServer.lambda$spin$2(MinecraftServer.java:310)
	at java.base/java.lang.Thread.run(Thread.java:1583)

[02/12 03:33:45] [info] Disabled integration for PlaceholderAPI
